Godot Engine v4.7.2.stable.steam.ed1daf0bf - https://godotengine.org
D3D12 12_0 - Forward+ - Using Device #0: AMD - AMD Radeon RX 9070 XT

BlockRegistry: loaded 41 block types.
WorldClock: year 1, summer, day 1, 08:00 (1 day = 24 real min).
WorldData: ready.
WorldGenerator: ready.
PlacedEntityRegistry: ready.
NavGrid: ready.
TaskManager: ready (budget 1000 us, 8 probes/wake, heartbeat 0.50 s).
InteriorTracker: ready (X0 data-only).
RoomManager: ready (doc 34/22).
StockpileManager: ready (max haulers/zone 4, heavy carry ×0.70).
UIRegistry: loaded 5 dock items.
DwarfAssets: parts loaded; pools — names ok, appearance ok, traits ok.
ItemDropManager: loaded 77 item definitions.
WeatherManager: ready (4 weather types, current = base:weather:clear).
UIWindowManager: ready (0 remembered window positions).
Camera: ready (FOV 45°, zoom 2–180 m).
HOVER_PATH /root/@Node3D@2/Windows/@PanelContainer@154/@MarginContainer@155/@VBoxContainer@156/TitleBar/@MarginContainer@157/@HBoxContainer@158 filter 1
HOVER_PATH /root/@Node3D@2/Windows/@PanelContainer@154/@MarginContainer@155/@VBoxContainer@156/TitleBar/@MarginContainer@157 filter 1
HOVER_PATH /root/@Node3D@2/Windows/@PanelContainer@154/@MarginContainer@155/@VBoxContainer@156/TitleBar filter 0
HOVER_PATH /root/@Node3D@2/Windows/@PanelContainer@154/@MarginContainer@155/@VBoxContainer@156 filter 1
HOVER_PATH /root/@Node3D@2/Windows/@PanelContainer@154/@MarginContainer@155 filter 1
HOVER_PATH /root/@Node3D@2/Windows/@PanelContainer@154 filter 0
TITLE_DRAG_STATE false
