Godot Engine v4.7.2.stable.steam.ed1daf0bf - https://godotengine.org

BlockRegistry: loaded 41 block types.
WorldClock: year 1, summer, day 1, 08:00 (1 day = 24 real min).
WorldData: ready.
WorldGenerator: ready.
PlacedEntityRegistry: ready.
NavGrid: ready.
TaskManager: ready (budget 1000 us, 8 probes/wake, heartbeat 0.50 s).
InteriorTracker: ready (X0 data-only).
RoomManager: ready (doc 34/22).
StockpileManager: ready (max haulers/zone 4, heavy carry ×0.70).
UIRegistry: loaded 5 dock items.
DwarfAssets: parts loaded; pools — names ok, appearance ok, traits ok.
WeatherManager: ready (4 weather types, current = base:weather:clear).
Camera: ready (FOV 45°, zoom 2–180 m).
UIWindowManager: ready (1 remembered window positions).
WorldGenerator: starting generation (seed 3995556615).
WorldRenderer: generation started (seed 3995556615).
FurniturePlacementController: 18 placeable defs loaded.
WorldGenerator: domain layout northwest mountain -> mountain 290816, valley 377856, lowland 379904.
WorldGenerator: valley corridor -> columns 78574, average height 38.5.
WorldGenerator: macro heightmap -> 1024 cells expanded at 32 columns per cell.
WorldGenerator: macro expansion -> local offsets on 0 columns.
WorldGenerator: plateau smoothing -> adjusted 0 columns across 0 macro cells.
WorldGenerator: mountain foothill transition -> raised 4096 columns into approach shelves.
WorldGenerator: lowland foothill transition -> capped 4096 columns to one-shelf steps.
WorldGenerator: macro shelf step limit -> capped 185344 columns to adjacent one-shelf steps, including corners.
WorldGenerator: heightmap sub-phases -> macro_cells 143 ms, column_fill 1431 ms, plateau 198 ms, mountain_foothill 135 ms, lowland_foothill 27 ms, shelf_step_limit 828 ms.
WorldGenerator: lowland lake uses 40 macro cells; southern anchor (4, 31); water Y12-Y18.
WorldGenerator: macro shelf step limit -> capped 0 columns to adjacent one-shelf steps, including corners.
WorldGenerator: mountain shelf-1 tarn uses 1 macro cell; anchor (11, 11); water Y48-Y54.
WorldGenerator: edge detail -> pushed 26481 foothill/mountain edge columns.
WorldRenderer: first chunk_dirtied received (32,2,30).
FlagPlacementController: settlement founded at (512, 43, 491).
StockpileDesignationController: zone 201 created (1 cells at Y 35).
ItemDropManager: loaded 77 item definitions.
FurniturePlacementController: ghost 301 (base:furniture:storage_shelf) at (520, 35, 491) yaw 1.
FurniturePlacementController: installed base:furniture:barrel at (518, 35, 491).
SliceTiming: slice 127 -> 25 — 0 regions + 1 tiles queued, 0 region nodes, 0 tile nodes, generator idle.
SaveManager: validated autosave written to user://save_manager_round_trip_test/autosave.json.
SaveManager: validated autosave written to user://save_manager_round_trip_test/autosave.json.
SaveManager: validated quick save written to user://save_manager_round_trip_test/quicksave.json.
SaveManager: validated quick save written to user://save_manager_round_trip_test/quicksave.json.
WorldGenerator: stopped in 14.3 s.
WorldGenerator: terrain maps ready; waiting for chunk column requests.
WorldGenerator: grass bands finalized 6.896 s after maps_ready.
WorldGenerator metrics:
  domains: mountain 27.2%, valley 36.5%, lowland 36.2%
  height: min 11, max 115, avg 40.5
  surface: grass 40.1%, dirt 26.4%, rock 29.5%, water 4.0%
  surface domains: mountain rock 99.6%; valley grass 51.8% dirt 42.8% rock 5.3%
  shaping: terraced 0, plateau-adjusted 0 across 0 chunk columns
  water: lake (144, 944) r40 y18 floor 11-11 depth 7 columns 40960; tarn (368, 368) r15 y54 floor 47-47 depth 7 columns 1024; banks 2914
  macro: basin 146524, southeast foothill 131583, edge belt 111552 columns
  settlement candidates: 1284 sampled 20x20 flats
WorldGenerator: world_complete signal firing.
Camera: ready (FOV 45°, zoom 2–180 m).
UIWindowManager: ready (1 remembered window positions).
WorldGenerator: starting generation (seed 3995556615).
WorldRenderer: generation started (seed 3995556615).
FurniturePlacementController: 18 placeable defs loaded.
WorldGenerator: domain layout northwest mountain -> mountain 290816, valley 377856, lowland 379904.
WorldGenerator: valley corridor -> columns 78574, average height 38.5.
WorldGenerator: macro heightmap -> 1024 cells expanded at 32 columns per cell.
WorldGenerator: macro expansion -> local offsets on 0 columns.
WorldGenerator: plateau smoothing -> adjusted 0 columns across 0 macro cells.
WorldGenerator: mountain foothill transition -> raised 4096 columns into approach shelves.
WorldGenerator: lowland foothill transition -> capped 4096 columns to one-shelf steps.
WorldGenerator: macro shelf step limit -> capped 185344 columns to adjacent one-shelf steps, including corners.
WorldGenerator: heightmap sub-phases -> macro_cells 162 ms, column_fill 1435 ms, plateau 224 ms, mountain_foothill 155 ms, lowland_foothill 36 ms, shelf_step_limit 916 ms.
WorldGenerator: lowland lake uses 40 macro cells; southern anchor (4, 31); water Y12-Y18.
WorldGenerator: macro shelf step limit -> capped 0 columns to adjacent one-shelf steps, including corners.
WorldGenerator: mountain shelf-1 tarn uses 1 macro cell; anchor (11, 11); water Y48-Y54.
WorldGenerator: edge detail -> pushed 26481 foothill/mountain edge columns.
WorldGenerator: terrain maps ready; waiting for chunk column requests.
SliceTiming: slice 127 -> 25 — 0 regions + 0 tiles queued, 0 region nodes, 0 tile nodes, generator idle.
WorldRenderer: first visible overview tile after 7.740 s at tile (16, 16).
SurfaceFloraSpawner: maps ready, scatter armed (seed=3995556615, species=["pine", "oak", "apple", "juniper"], cell=14, whole_map=true, columns=4096).
WorldRenderer: first chunk_dirtied received (32,2,30).
FlagPlacementController: settlement founded at (512, 43, 491).
StockpileDesignationController: zone 201 created (1 cells at Y 35).
ItemDropManager: loaded 77 item definitions.
FurniturePlacementController: ghost 301 (base:furniture:storage_shelf) at (520, 35, 491) yaw 1.
FurniturePlacementController: installed base:furniture:barrel at (518, 35, 491).
LoadPerformance:
  total_request_to_restored: 14.679 s
  read_validate: 0 ms
  reload_regen_wait: 14.494 s (map precompute + quiet frames — see StartupPerformance)
  restore_owners: 171 ms
    mining: 157 ms
    flora: 1 ms
    settlement_flag: 2 ms
    stockpiles: 4 ms
    furniture: 5 ms
    items: 1 ms
    dwarves: 0 ms
    camera: 0 ms
    slice: 1 ms
  totals_clock_weather: 14 ms
  note: post-restore overview tile rebuild reported by SliceTiming.
SaveManager: autosave restored.
WorldGenerator: stopped in 14.9 s.
WorldGenerator: grass bands finalized 7.208 s after maps_ready.
WorldRenderer: grass bands ready — requeued 16/16 built tiles (band columns only).
WorldGenerator metrics:
  domains: mountain 27.2%, valley 36.5%, lowland 36.2%
  height: min 11, max 115, avg 40.5
  surface: grass 40.1%, dirt 26.4%, rock 29.5%, water 4.0%
  surface domains: mountain rock 99.6%; valley grass 51.8% dirt 42.8% rock 5.3%
  shaping: terraced 0, plateau-adjusted 0 across 0 chunk columns
  water: lake (144, 944) r40 y18 floor 11-11 depth 7 columns 40960; tarn (368, 368) r15 y54 floor 47-47 depth 7 columns 1024; banks 2914
  macro: basin 146524, southeast foothill 131583, edge belt 111552 columns
  settlement candidates: 1284 sampled 20x20 flats
WorldGenerator: world_complete signal firing.
Camera: ready (FOV 45°, zoom 2–180 m).
UIWindowManager: ready (1 remembered window positions).
WorldGenerator: starting generation (seed 3995556615).
WorldRenderer: generation started (seed 3995556615).
FurniturePlacementController: 18 placeable defs loaded.
WorldGenerator: domain layout northwest mountain -> mountain 290816, valley 377856, lowland 379904.
WorldGenerator: valley corridor -> columns 78574, average height 38.5.
WorldGenerator: macro heightmap -> 1024 cells expanded at 32 columns per cell.
WorldGenerator: macro expansion -> local offsets on 0 columns.
WorldGenerator: plateau smoothing -> adjusted 0 columns across 0 macro cells.
WorldGenerator: mountain foothill transition -> raised 4096 columns into approach shelves.
WorldGenerator: lowland foothill transition -> capped 4096 columns to one-shelf steps.
WorldGenerator: macro shelf step limit -> capped 185344 columns to adjacent one-shelf steps, including corners.
WorldGenerator: heightmap sub-phases -> macro_cells 153 ms, column_fill 1449 ms, plateau 191 ms, mountain_foothill 125 ms, lowland_foothill 27 ms, shelf_step_limit 789 ms.
WorldGenerator: lowland lake uses 40 macro cells; southern anchor (4, 31); water Y12-Y18.
WorldGenerator: macro shelf step limit -> capped 0 columns to adjacent one-shelf steps, including corners.
WorldGenerator: mountain shelf-1 tarn uses 1 macro cell; anchor (11, 11); water Y48-Y54.
WorldGenerator: edge detail -> pushed 26481 foothill/mountain edge columns.
WorldGenerator: terrain maps ready; waiting for chunk column requests.
SliceTiming: slice 127 -> 25 — 0 regions + 0 tiles queued, 0 region nodes, 0 tile nodes, generator idle.
WorldRenderer: first visible overview tile after 7.540 s at tile (16, 16).
SurfaceFloraSpawner: maps ready, scatter armed (seed=3995556615, species=["pine", "oak", "apple", "juniper"], cell=14, whole_map=true, columns=4096).
WorldRenderer: first chunk_dirtied received (32,2,30).
FlagPlacementController: settlement founded at (512, 43, 491).
StockpileDesignationController: zone 201 created (1 cells at Y 35).
ItemDropManager: loaded 77 item definitions.
FurniturePlacementController: ghost 301 (base:furniture:storage_shelf) at (520, 35, 491) yaw 1.
FurniturePlacementController: installed base:furniture:barrel at (518, 35, 491).
LoadPerformance:
  total_request_to_restored: 14.657 s
  read_validate: 5 ms
  reload_regen_wait: 14.478 s (map precompute + quiet frames — see StartupPerformance)
  restore_owners: 174 ms
    mining: 160 ms
    flora: 0 ms
    settlement_flag: 2 ms
    stockpiles: 4 ms
    furniture: 6 ms
    items: 1 ms
    dwarves: 0 ms
    camera: 0 ms
    slice: 1 ms
  totals_clock_weather: 0 ms
  note: post-restore overview tile rebuild reported by SliceTiming.
SaveManager: backup quick save restored.
SAVE_MANAGER_ROUND_TRIP_OK
WorldGenerator: stopped in 14.5 s.
ERROR: 7 RID allocations of type 'PN13RendererDummy14TextureStorage12DummyTextureE' were leaked at exit.
ERROR: 2 RID allocations of type 'PN18TextServerAdvanced12FontAdvancedE' were leaked at exit.
