Godot Engine v4.7.2.stable.steam.ed1daf0bf - https://godotengine.org

[   0% ] first_scan_filesystem | Started Project initialization (5 steps)
[   0% ] first_scan_filesystem | Scanning file structure...
[  16% ] first_scan_filesystem | Loading global class names...
[  33% ] first_scan_filesystem | Verifying GDExtensions...
[  50% ] first_scan_filesystem | Creating autoload scripts...
[  66% ] first_scan_filesystem | Initializing plugins...
[  83% ] first_scan_filesystem | Starting file scan...
[ DONE ] first_scan_filesystem

[   0% ] _update_scan_actions | Started Scanning actions... (5 steps)
[   0% ] _update_scan_actions | build.svg
[  16% ] _update_scan_actions | colony.svg
[  33% ] _update_scan_actions | menu.svg
[  50% ] _update_scan_actions | orders.svg
[  66% ] _update_scan_actions | stocks.svg
[ DONE ] _update_scan_actions

[   0% ] reimport | Started (Re)Importing Assets (5 steps)
[   0% ] reimport | Preparing files to reimport...
[  16% ] reimport | Preparing files to reimport...
[  33% ] reimport | Preparing files to reimport...
[  50% ] reimport | Preparing files to reimport...
[  66% ] reimport | Preparing files to reimport...
[   0% ] reimport | Executing pre-reimport operations...
[   0% ] reimport | build.svg
[  16% ] reimport | colony.svg
[  33% ] reimport | menu.svg
[  50% ] reimport | orders.svg
[  66% ] reimport | stocks.svg
[  83% ] reimport | Finalizing Asset Import...
[ DONE ] reimport

[   0% ] reimport | Started (Re)Importing Assets (5 steps)
[   0% ] reimport | Executing post-reimport operations...
[ DONE ] reimport

[   0% ] loading_editor_layout | Started Loading editor (5 steps)
[   0% ] loading_editor_layout | Loading editor layout...
[  16% ] loading_editor_layout | Loading docks...
[  33% ] loading_editor_layout | Reopening scenes...
[  50% ] loading_editor_layout | Loading central editor layout...
[  66% ] loading_editor_layout | Loading plugin window layout...
[  83% ] loading_editor_layout | Editor layout ready.
[ DONE ] loading_editor_layout

