Godot Engine v4.7.2.stable.steam.ed1daf0bf - https://godotengine.org
D3D12 12_0 - Forward+ - Using Device #0: AMD - AMD Radeon RX 9070 XT

BlockRegistry: loaded 41 block types.
WorldClock: year 1, summer, day 1, 08:00 (1 day = 24 real min).
WorldData: ready.
WorldGenerator: ready.
PlacedEntityRegistry: ready.
NavGrid: ready.
TaskManager: ready (budget 1000 us, 8 probes/wake, heartbeat 0.50 s).
InteriorTracker: ready (X0 data-only).
RoomManager: ready (doc 34/22).
StockpileManager: ready (max haulers/zone 4, heavy carry ×0.70).
UIRegistry: loaded 8 dock items.
DwarfAssets: parts loaded; pools — names ok, appearance ok, traits ok.
ItemDropManager: loaded 79 item definitions.
WeatherManager: ready (4 weather types, current = base:weather:clear).
UIWindowManager: ready (0 remembered window positions).
FurniturePlacementController: 20 placeable defs loaded.
FurniturePlacementController: ghost 1 (base:furniture:crude_workbench) at (45, 20, 42) yaw 0.
FurniturePlacementController: installed base:furniture:crude_workbench at (45, 20, 42).
FurniturePlacementController: ghost 2 (base:furniture:wooden_torch) at (48, 20, 46) yaw 0.
FurniturePlacementController: installed base:furniture:wooden_torch at (48, 20, 46).
WORKER_CRAFTING_OK: bootstrap, bench installation, torch batch, conservation, pause/speed, partial save, cancellation, stored timber, uninstall, maintain stock, placement/light and menu
