Godot Engine v4.7.2.stable.steam.ed1daf0bf - https://godotengine.org

BlockRegistry: loaded 41 block types.
WorldClock: year 1, summer, day 1, 08:00 (1 day = 24 real min).
WorldData: ready.
WorldGenerator: ready.
PlacedEntityRegistry: ready.
NavGrid: ready.
TaskManager: ready (budget 1000 us, 8 probes/wake, heartbeat 0.50 s).
InteriorTracker: ready (X0 data-only).
RoomManager: ready (doc 34/22).
StockpileManager: ready (max haulers/zone 4, heavy carry ×0.70).
UIRegistry: loaded 24 dock items.
DwarfAssets: parts loaded; pools — names ok, appearance ok, traits ok.
WARNING: SkyController: WorldEnvironment has no Environment resource.
   at: push_warning (core/variant/variant_utility.cpp:1033)
   GDScript backtrace (most recent call first):
       [0] _bind_to_scene (res://scripts/systems/SkyController.gd:168)
       [1] _ready (res://scripts/systems/SkyController.gd:88)
WeatherManager: ready (4 weather types, current = base:weather:clear).
MiningDesignationController: zone 11 mined out — destroyed.
MiningDesignationController: zone 12 mined out — destroyed.
MINING_ANIMATION_OK: all reach heights, cardinal headings, underfoot, exact grips/contact, pause/speed, interrupt/sleep/cancel, authored work, floor snap, tool swaps
