Godot Engine v4.7.2.stable.steam.ed1daf0bf - https://godotengine.org

BlockRegistry: loaded 41 block types.
WorldClock: year 1, summer, day 1, 08:00 (1 day = 24 real min).
WorldData: ready.
WorldGenerator: ready.
PlacedEntityRegistry: ready.
NavGrid: ready.
TaskManager: ready (budget 1000 us, 8 probes/wake, heartbeat 0.50 s).
InteriorTracker: ready (X0 data-only).
RoomManager: ready (doc 34/22).
StockpileManager: ready (max haulers/zone 4, heavy carry ×0.70).
UIRegistry: loaded 24 dock items.
DwarfAssets: parts loaded; pools — names ok, appearance ok, traits ok.
WARNING: SkyController: no current scene — cannot bind sky/fog.
   at: push_warning (core/variant/variant_utility.cpp:1033)
   GDScript backtrace (most recent call first):
       [0] _bind_to_scene (res://scripts/systems/SkyController.gd:137)
       [1] _ready (res://scripts/systems/SkyController.gd:88)
WARNING: WeatherManager: world_seed unavailable — weather RNG randomized (non-deterministic).
   at: push_warning (core/variant/variant_utility.cpp:1033)
   GDScript backtrace (most recent call first):
       [0] _seed_rng (res://scripts/systems/WeatherManager.gd:104)
       [1] _ready (res://scripts/systems/WeatherManager.gd:48)
WeatherManager: ready (4 weather types, current = base:weather:clear).
Camera: ready (FOV 45°, zoom 2–180 m).
UIWindowManager: ready (0 remembered window positions).
WorldGenerator: starting generation (seed 3808488342).
WorldRenderer: generation started (seed 3808488342).
FurniturePlacementController: 18 placeable defs loaded.
WorldGenerator: domain layout northwest mountain -> mountain 301056, valley 360448, lowland 387072.
WorldGenerator: valley corridor -> columns 78585, average height 39.9.
WorldGenerator: macro heightmap -> 1024 cells expanded at 32 columns per cell.
WorldGenerator: macro expansion -> local offsets on 0 columns.
WorldGenerator: plateau smoothing -> adjusted 0 columns across 0 macro cells.
WorldGenerator: mountain foothill transition -> raised 5120 columns into approach shelves.
WorldGenerator: lowland foothill transition -> capped 3072 columns to one-shelf steps.
WorldGenerator: macro shelf step limit -> capped 198656 columns to adjacent one-shelf steps, including corners.
WorldGenerator: heightmap sub-phases -> macro_cells 138 ms, column_fill 1373 ms, plateau 188 ms, mountain_foothill 137 ms, lowland_foothill 26 ms, shelf_step_limit 804 ms.
WorldGenerator: lowland lake uses 40 macro cells; southern anchor (4, 31); water Y12-Y18.
WorldGenerator: macro shelf step limit -> capped 0 columns to adjacent one-shelf steps, including corners.
WorldGenerator: mountain shelf-1 tarn uses 1 macro cell; anchor (12, 11); water Y48-Y54.
WorldGenerator: edge detail -> pushed 26698 foothill/mountain edge columns.
WorldGenerator: terrain maps ready; waiting for chunk column requests.
WorldRenderer: first chunk_dirtied received (32,2,30).
FlagPlacementController: settlement founded at (512, 35, 491).
StockpileDesignationController: zone 201 created (1 cells at Y 35).
ItemDropManager: loaded 77 item definitions.
FurniturePlacementController: ghost 301 (base:furniture:storage_shelf) at (520, 35, 491) yaw 1.
FurniturePlacementController: installed base:furniture:barrel at (518, 35, 491).
SliceTiming: slice 127 -> 25 — 0 regions + 1 tiles queued, 0 region nodes, 0 tile nodes, generator idle.
SaveManager: validated autosave written to user://save_manager_round_trip_test/autosave.json.
SaveManager: validated autosave written to user://save_manager_round_trip_test/autosave.json.
SaveManager: validated quick save written to user://save_manager_round_trip_test/quicksave.json.
SaveManager: validated quick save written to user://save_manager_round_trip_test/quicksave.json.
WorldGenerator: stopped in 14.4 s.
WorldGenerator: grass bands finalized 7.064 s after maps_ready.
WorldGenerator metrics:
  domains: mountain 28.1%, valley 35.0%, lowland 36.9%
  height: min 11, max 115, avg 41.2
  surface: grass 44.3%, dirt 21.4%, rock 30.3%, water 4.0%
  surface domains: mountain rock 99.6%; valley grass 59.1% dirt 35.5% rock 5.4%
  shaping: terraced 0, plateau-adjusted 0 across 0 chunk columns
  water: lake (144, 944) r40 y18 floor 11-11 depth 7 columns 40960; tarn (400, 368) r15 y54 floor 47-47 depth 7 columns 1024; banks 2914
  macro: basin 146524, southeast foothill 131583, edge belt 111552 columns
  settlement candidates: 1310 sampled 20x20 flats
WorldGenerator: world_complete signal firing.
Camera: ready (FOV 45°, zoom 2–180 m).
UIWindowManager: ready (1 remembered window positions).
WorldGenerator: starting generation (seed 3808488342).
WorldRenderer: generation started (seed 3808488342).
FurniturePlacementController: 18 placeable defs loaded.
WorldGenerator: domain layout northwest mountain -> mountain 301056, valley 360448, lowland 387072.
WorldGenerator: valley corridor -> columns 78585, average height 39.9.
WorldGenerator: macro heightmap -> 1024 cells expanded at 32 columns per cell.
WorldGenerator: macro expansion -> local offsets on 0 columns.
WorldGenerator: plateau smoothing -> adjusted 0 columns across 0 macro cells.
WorldGenerator: mountain foothill transition -> raised 5120 columns into approach shelves.
WorldGenerator: lowland foothill transition -> capped 3072 columns to one-shelf steps.
WorldGenerator: macro shelf step limit -> capped 198656 columns to adjacent one-shelf steps, including corners.
WorldGenerator: heightmap sub-phases -> macro_cells 153 ms, column_fill 1412 ms, plateau 185 ms, mountain_foothill 135 ms, lowland_foothill 26 ms, shelf_step_limit 797 ms.
WorldGenerator: lowland lake uses 40 macro cells; southern anchor (4, 31); water Y12-Y18.
WorldGenerator: macro shelf step limit -> capped 0 columns to adjacent one-shelf steps, including corners.
WorldGenerator: mountain shelf-1 tarn uses 1 macro cell; anchor (12, 11); water Y48-Y54.
WorldGenerator: edge detail -> pushed 26698 foothill/mountain edge columns.
WorldGenerator: terrain maps ready; waiting for chunk column requests.
SliceTiming: slice 127 -> 25 — 0 regions + 0 tiles queued, 0 region nodes, 0 tile nodes, generator idle.
WorldRenderer: first visible overview tile after 7.502 s at tile (16, 16).
SurfaceFloraSpawner: maps ready, scatter armed (seed=3808488342, species=["pine", "oak", "apple", "juniper"], cell=14, whole_map=true, columns=4096).
WorldRenderer: first chunk_dirtied received (32,2,30).
FlagPlacementController: settlement founded at (512, 35, 491).
StockpileDesignationController: zone 201 created (1 cells at Y 35).
ItemDropManager: loaded 77 item definitions.
FurniturePlacementController: ghost 301 (base:furniture:storage_shelf) at (520, 35, 491) yaw 1.
FurniturePlacementController: installed base:furniture:barrel at (518, 35, 491).
LoadPerformance:
  total_request_to_restored: 14.577 s
  read_validate: 0 ms
  reload_regen_wait: 14.403 s (map precompute + quiet frames — see StartupPerformance)
  restore_owners: 161 ms
    mining: 154 ms
    flora: 0 ms
    settlement_flag: 1 ms
    stockpiles: 2 ms
    furniture: 2 ms
    items: 1 ms
    dwarves: 1 ms
    camera: 0 ms
    slice: 0 ms
  totals_clock_weather: 13 ms
  note: post-restore overview tile rebuild reported by SliceTiming.
SaveManager: autosave restored.
WARNING: SaveManager: primary quick save unavailable (contains invalid JSON); using backup.
   at: push_warning (core/variant/variant_utility.cpp:1033)
   GDScript backtrace (most recent call first):
       [0] _request_load_slot (res://scripts/systems/SaveManager.gd:194)
       [1] request_load (res://scripts/systems/SaveManager.gd:162)
       [2] _run (res://scripts/tests/SaveManagerRoundTripTest.gd:147)
       [3] _wait_for_load (res://scripts/tests/SaveManagerRoundTripTest.gd:501)
WorldGenerator: stopped in 14.5 s.
WorldGenerator: grass bands finalized 7.067 s after maps_ready.
WorldRenderer: grass bands ready — requeued 16/16 built tiles (band columns only).
WorldGenerator metrics:
  domains: mountain 28.1%, valley 35.0%, lowland 36.9%
  height: min 11, max 115, avg 41.2
  surface: grass 44.3%, dirt 21.4%, rock 30.3%, water 4.0%
  surface domains: mountain rock 99.6%; valley grass 59.1% dirt 35.5% rock 5.4%
  shaping: terraced 0, plateau-adjusted 0 across 0 chunk columns
  water: lake (144, 944) r40 y18 floor 11-11 depth 7 columns 40960; tarn (400, 368) r15 y54 floor 47-47 depth 7 columns 1024; banks 2914
  macro: basin 146524, southeast foothill 131583, edge belt 111552 columns
  settlement candidates: 1310 sampled 20x20 flats
WorldGenerator: world_complete signal firing.
Camera: ready (FOV 45°, zoom 2–180 m).
UIWindowManager: ready (1 remembered window positions).
WorldGenerator: starting generation (seed 3808488342).
WorldRenderer: generation started (seed 3808488342).
FurniturePlacementController: 18 placeable defs loaded.
WorldGenerator: domain layout northwest mountain -> mountain 301056, valley 360448, lowland 387072.
WorldGenerator: valley corridor -> columns 78585, average height 39.9.
WorldGenerator: macro heightmap -> 1024 cells expanded at 32 columns per cell.
WorldGenerator: macro expansion -> local offsets on 0 columns.
WorldGenerator: plateau smoothing -> adjusted 0 columns across 0 macro cells.
WorldGenerator: mountain foothill transition -> raised 5120 columns into approach shelves.
WorldGenerator: lowland foothill transition -> capped 3072 columns to one-shelf steps.
WorldGenerator: macro shelf step limit -> capped 198656 columns to adjacent one-shelf steps, including corners.
WorldGenerator: heightmap sub-phases -> macro_cells 159 ms, column_fill 1420 ms, plateau 184 ms, mountain_foothill 136 ms, lowland_foothill 29 ms, shelf_step_limit 795 ms.
WorldGenerator: lowland lake uses 40 macro cells; southern anchor (4, 31); water Y12-Y18.
WorldGenerator: macro shelf step limit -> capped 0 columns to adjacent one-shelf steps, including corners.
WorldGenerator: mountain shelf-1 tarn uses 1 macro cell; anchor (12, 11); water Y48-Y54.
WorldGenerator: edge detail -> pushed 26698 foothill/mountain edge columns.
WorldGenerator: terrain maps ready; waiting for chunk column requests.
SliceTiming: slice 127 -> 25 — 0 regions + 0 tiles queued, 0 region nodes, 0 tile nodes, generator idle.
WorldRenderer: first visible overview tile after 7.495 s at tile (16, 16).
SurfaceFloraSpawner: maps ready, scatter armed (seed=3808488342, species=["pine", "oak", "apple", "juniper"], cell=14, whole_map=true, columns=4096).
WorldRenderer: first chunk_dirtied received (32,2,30).
FlagPlacementController: settlement founded at (512, 35, 491).
StockpileDesignationController: zone 201 created (1 cells at Y 35).
ItemDropManager: loaded 77 item definitions.
FurniturePlacementController: ghost 301 (base:furniture:storage_shelf) at (520, 35, 491) yaw 1.
FurniturePlacementController: installed base:furniture:barrel at (518, 35, 491).
LoadPerformance:
  total_request_to_restored: 14.469 s
  read_validate: 1 ms
  reload_regen_wait: 14.305 s (map precompute + quiet frames — see StartupPerformance)
  restore_owners: 163 ms
    mining: 155 ms
    flora: 0 ms
    settlement_flag: 1 ms
    stockpiles: 2 ms
    furniture: 3 ms
    items: 1 ms
    dwarves: 0 ms
    camera: 0 ms
    slice: 1 ms
  totals_clock_weather: 0 ms
  note: post-restore overview tile rebuild reported by SliceTiming.
SaveManager: backup quick save restored.
SAVE_MANAGER_ROUND_TRIP_OK
WorldGenerator: stopped in 14.7 s.
