Godot Engine v4.7.2.stable.steam.ed1daf0bf - https://godotengine.org
D3D12 12_0 - Forward+ - Using Device #0: AMD - AMD Radeon RX 9070 XT

BlockRegistry: loaded 41 block types.
WorldClock: year 1, summer, day 1, 08:00 (1 day = 24 real min).
WorldData: ready.
WorldGenerator: ready.
PlacedEntityRegistry: ready.
NavGrid: ready.
TaskManager: ready (budget 1000 us, 8 probes/wake, heartbeat 0.50 s).
InteriorTracker: ready (X0 data-only).
RoomManager: ready (doc 34/22).
StockpileManager: ready (max haulers/zone 4, heavy carry ×0.70).
UIRegistry: loaded 6 dock items.
DwarfAssets: parts loaded; pools — names ok, appearance ok, traits ok.
WeatherManager: ready (4 weather types, current = base:weather:clear).
Camera: ready (FOV 45°, zoom 2–180 m).
UIWindowManager: ready (0 remembered window positions).
WorldGenerator: starting generation (seed 3381051336).
WorldRenderer: generation started (seed 3381051336).
FurniturePlacementController: 18 placeable defs loaded.
WorldGenerator: domain layout northwest mountain -> mountain 278528, valley 397312, lowland 372736.
WorldGenerator: valley corridor -> columns 78678, average height 38.9.
WorldGenerator: macro heightmap -> 1024 cells expanded at 32 columns per cell.
WorldGenerator: macro expansion -> local offsets on 0 columns.
WorldGenerator: plateau smoothing -> adjusted 0 columns across 0 macro cells.
WorldGenerator: mountain foothill transition -> raised 7168 columns into approach shelves.
WorldGenerator: lowland foothill transition -> capped 2048 columns to one-shelf steps.
WorldGenerator: macro shelf step limit -> capped 198656 columns to adjacent one-shelf steps, including corners.
WorldGenerator: heightmap sub-phases -> macro_cells 138 ms, column_fill 1331 ms, plateau 163 ms, mountain_foothill 113 ms, lowland_foothill 25 ms, shelf_step_limit 681 ms.
WorldGenerator: lowland lake uses 33 macro cells; southern anchor (4, 31); water Y12-Y18.
WorldGenerator: macro shelf step limit -> capped 0 columns to adjacent one-shelf steps, including corners.
WorldGenerator: mountain shelf-1 tarn uses 1 macro cell; anchor (10, 12); water Y48-Y54.
WorldGenerator: edge detail -> pushed 25525 foothill/mountain edge columns.
WorldGenerator: terrain maps ready; waiting for chunk column requests.
WorldRenderer: first visible overview tile after 6.774 s at tile (16, 16).
SurfaceFloraSpawner: maps ready, scatter armed (seed=3381051336, species=["pine", "oak", "apple", "juniper"], cell=14, whole_map=true, columns=4096).
WorldRenderer: startup overview radius ready (128/121 tiles built, queue=896).
StartupPerformance:
  total_to_initial_load: 7.545 s
  first_visible_terrain: 6.774 s
  mode: block-face overview exact  camera_chunk=(-9999, -9999)  slice=127
  world_maps: ready=true  precompute=6.733 s  ready_at=6.733 s
  map_phases:
    noise_instances: 0.000 s
    domain_map: 1.358 s
    heightmap: 2.451 s
    lakes: 1.198 s
    edge_detail: 1.726 s
  columns: filled=0  chunks=0  total=0.000 s  avg=0.00 ms  max=0 ms  requested=0  queue=0
  region_meshes: count=0  nodes=0  total=0.000 s  avg=0.00 ms  max=0 ms
  overview_tiles: count=128  nodes=128  total=0.009 s  avg=0.07 ms  max=2 ms  active=true
  overview_startup: center=(16, 16)  radius_tiles=5  goal=121  queue_remaining=896
  overview_state: startup_ready=true  startup_ready_at=7.534 s  full_complete=false  full_complete_at=0.000 s
  meshes_built_counter: 128
WorldGenerator: grass bands finalized 1.989 s after maps_ready.
WorldRenderer: grass bands ready — requeued 116/384 built tiles (band columns only).
WorldRenderer: built block-face overview tiles (1024 tiles, step=1, tops 1048576->15054, sides 99895, validation mismatches 0/0) in 11.95 s since startup.
WorldRenderer: first chunk_dirtied received (19,3,21).
SliceTiming: slice 127 -> 59 — 0 regions + 278 tiles queued, 0 region nodes, 1024 tile nodes, generator idle.
SliceTiming: slice 127 -> 59 DONE — 278 regions+tiles rebuilt (278 queued at start) over 35 frames, 1.177 s total, worst frame 54 ms.
FurniturePlacementController: installed base:furniture:wall_torch at (324, 55, 344).
FurniturePlacementController: installed base:furniture:wall_torch at (331, 55, 344).
SliceTiming: slice 59 -> 57 — 0 regions + 278 tiles queued, 0 region nodes, 1024 tile nodes, generator idle.
WorldGenerator metrics:
  domains: mountain 25.9%, valley 38.6%, lowland 35.5%
  height: min 11, max 115, avg 39.2
  surface: grass 43.6%, dirt 24.7%, rock 28.4%, water 3.3%
  surface domains: mountain rock 99.6%; valley grass 53.6% dirt 40.6% rock 5.8%
  shaping: terraced 0, plateau-adjusted 0 across 0 chunk columns
  water: lake (144, 947) r40 y18 floor 11-11 depth 7 columns 33792; tarn (336, 400) r15 y54 floor 47-47 depth 7 columns 1024; banks 2704
  macro: basin 146524, southeast foothill 131583, edge belt 111552 columns
  settlement candidates: 985 sampled 20x20 flats
SliceTiming: slice 59 -> 57 DONE — 278 regions+tiles rebuilt (278 queued at start) over 35 frames, 1.147 s total, worst frame 46 ms.
UNDERGROUND_WORLD_REVIEW: {"allocated_tiles":4,"entrance":"(317, 55, 344)","failures":[],"lighting_max_frame_ms":2.599,"mining_tile_rebuilds":2}
WorldGenerator: stopped in 15.0 s.
