Godot Engine v4.7.2.stable.steam.ed1daf0bf - https://godotengine.org

BlockRegistry: loaded 41 block types.
WorldClock: year 1, summer, day 1, 08:00 (1 day = 24 real min).
WorldData: ready.
WorldGenerator: ready.
PlacedEntityRegistry: ready.
NavGrid: ready.
TaskManager: ready (budget 1000 us, 8 probes/wake, heartbeat 0.50 s).
InteriorTracker: ready (X0 data-only).
RoomManager: ready (doc 34/22).
StockpileManager: ready (max haulers/zone 4, heavy carry ×0.70).
UIRegistry: loaded 24 dock items.
DwarfAssets: parts loaded; pools — names ok, appearance ok, traits ok.
WARNING: SkyController: no current scene — cannot bind sky/fog.
   at: push_warning (core/variant/variant_utility.cpp:1033)
   GDScript backtrace (most recent call first):
       [0] _bind_to_scene (res://scripts/systems/SkyController.gd:137)
       [1] _ready (res://scripts/systems/SkyController.gd:88)
WARNING: WeatherManager: world_seed unavailable — weather RNG randomized (non-deterministic).
   at: push_warning (core/variant/variant_utility.cpp:1033)
   GDScript backtrace (most recent call first):
       [0] _seed_rng (res://scripts/systems/WeatherManager.gd:104)
       [1] _ready (res://scripts/systems/WeatherManager.gd:48)
WeatherManager: ready (4 weather types, current = base:weather:clear).
Camera: ready (FOV 45°, zoom 2–180 m).
UIWindowManager: ready (0 remembered window positions).
WorldGenerator: starting generation (seed 2056057447).
WorldRenderer: generation started (seed 2056057447).
FurniturePlacementController: 18 placeable defs loaded.
WorldGenerator: domain layout northwest mountain -> mountain 293888, valley 390144, lowland 364544.
WorldGenerator: valley corridor -> columns 78572, average height 38.4.
WorldGenerator: macro heightmap -> 1024 cells expanded at 32 columns per cell.
WorldGenerator: macro expansion -> local offsets on 0 columns.
WorldGenerator: plateau smoothing -> adjusted 0 columns across 0 macro cells.
WorldGenerator: mountain foothill transition -> raised 5120 columns into approach shelves.
WorldGenerator: lowland foothill transition -> capped 2048 columns to one-shelf steps.
WorldGenerator: macro shelf step limit -> capped 200704 columns to adjacent one-shelf steps, including corners.
WorldGenerator: heightmap sub-phases -> macro_cells 140 ms, column_fill 1373 ms, plateau 182 ms, mountain_foothill 138 ms, lowland_foothill 28 ms, shelf_step_limit 786 ms.
WorldGenerator: lowland lake uses 31 macro cells; southern anchor (4, 31); water Y12-Y18.
WorldGenerator: macro shelf step limit -> capped 0 columns to adjacent one-shelf steps, including corners.
WorldGenerator: mountain shelf-1 tarn uses 1 macro cell; anchor (11, 11); water Y48-Y54.
WorldGenerator: edge detail -> pushed 26977 foothill/mountain edge columns.
WorldRenderer: first chunk_dirtied received (32,2,30).
FlagPlacementController: settlement founded at (512, 43, 491).
StockpileDesignationController: zone 201 created (1 cells at Y 35).
ItemDropManager: loaded 77 item definitions.
FurniturePlacementController: ghost 301 (base:furniture:storage_shelf) at (520, 35, 491) yaw 1.
FurniturePlacementController: installed base:furniture:barrel at (518, 35, 491).
SliceTiming: slice 127 -> 25 — 0 regions + 1 tiles queued, 0 region nodes, 0 tile nodes, generator idle.
SaveManager: validated autosave written to user://save_manager_round_trip_test/autosave.json.
SaveManager: validated autosave written to user://save_manager_round_trip_test/autosave.json.
SaveManager: validated quick save written to user://save_manager_round_trip_test/quicksave.json.
SaveManager: validated quick save written to user://save_manager_round_trip_test/quicksave.json.
WorldGenerator: stopped in 13.4 s.
WorldGenerator: terrain maps ready; waiting for chunk column requests.
WorldGenerator: grass bands finalized 6.333 s after maps_ready.
WorldGenerator metrics:
  domains: mountain 27.4%, valley 37.8%, lowland 34.8%
  height: min 11, max 115, avg 40.2
  surface: grass 44.9%, dirt 22.3%, rock 29.6%, water 3.1%
  surface domains: mountain rock 99.5%; valley grass 60.5% dirt 34.3% rock 5.2%
  shaping: terraced 0, plateau-adjusted 0 across 0 chunk columns
  water: lake (144, 950) r40 y18 floor 11-11 depth 7 columns 31744; tarn (368, 368) r15 y54 floor 47-47 depth 7 columns 1024; banks 2704
  macro: basin 146524, southeast foothill 131583, edge belt 111552 columns
  settlement candidates: 1247 sampled 20x20 flats
WorldGenerator: world_complete signal firing.
Camera: ready (FOV 45°, zoom 2–180 m).
UIWindowManager: ready (1 remembered window positions).
WorldGenerator: starting generation (seed 2056057447).
WorldRenderer: generation started (seed 2056057447).
FurniturePlacementController: 18 placeable defs loaded.
WorldGenerator: domain layout northwest mountain -> mountain 293888, valley 390144, lowland 364544.
WorldGenerator: valley corridor -> columns 78572, average height 38.4.
WorldGenerator: macro heightmap -> 1024 cells expanded at 32 columns per cell.
WorldGenerator: macro expansion -> local offsets on 0 columns.
WorldGenerator: plateau smoothing -> adjusted 0 columns across 0 macro cells.
WorldGenerator: mountain foothill transition -> raised 5120 columns into approach shelves.
WorldGenerator: lowland foothill transition -> capped 2048 columns to one-shelf steps.
WorldGenerator: macro shelf step limit -> capped 200704 columns to adjacent one-shelf steps, including corners.
WorldGenerator: heightmap sub-phases -> macro_cells 137 ms, column_fill 1308 ms, plateau 157 ms, mountain_foothill 120 ms, lowland_foothill 25 ms, shelf_step_limit 698 ms.
WorldGenerator: lowland lake uses 31 macro cells; southern anchor (4, 31); water Y12-Y18.
WorldGenerator: macro shelf step limit -> capped 0 columns to adjacent one-shelf steps, including corners.
WorldGenerator: mountain shelf-1 tarn uses 1 macro cell; anchor (11, 11); water Y48-Y54.
WorldGenerator: edge detail -> pushed 26977 foothill/mountain edge columns.
WorldGenerator: terrain maps ready; waiting for chunk column requests.
SliceTiming: slice 127 -> 25 — 0 regions + 0 tiles queued, 0 region nodes, 0 tile nodes, generator idle.
WorldRenderer: first visible overview tile after 6.616 s at tile (16, 16).
SurfaceFloraSpawner: maps ready, scatter armed (seed=2056057447, species=["pine", "oak", "apple", "juniper"], cell=14, whole_map=true, columns=4096).
WorldRenderer: first chunk_dirtied received (32,2,30).
FlagPlacementController: settlement founded at (512, 43, 491).
StockpileDesignationController: zone 201 created (1 cells at Y 35).
ItemDropManager: loaded 77 item definitions.
FurniturePlacementController: ghost 301 (base:furniture:storage_shelf) at (520, 35, 491) yaw 1.
FurniturePlacementController: installed base:furniture:barrel at (518, 35, 491).
LoadPerformance:
  total_request_to_restored: 12.969 s
  read_validate: 0 ms
  reload_regen_wait: 12.846 s (map precompute + quiet frames — see StartupPerformance)
  restore_owners: 115 ms
    mining: 108 ms
    flora: 0 ms
    settlement_flag: 1 ms
    stockpiles: 2 ms
    furniture: 3 ms
    items: 0 ms
    dwarves: 1 ms
    camera: 0 ms
    slice: 0 ms
  totals_clock_weather: 8 ms
  note: post-restore overview tile rebuild reported by SliceTiming.
SaveManager: autosave restored.
WARNING: SaveManager: primary quick save unavailable (contains invalid JSON); using backup.
   at: push_warning (core/variant/variant_utility.cpp:1033)
   GDScript backtrace (most recent call first):
       [0] _request_load_slot (res://scripts/systems/SaveManager.gd:194)
       [1] request_load (res://scripts/systems/SaveManager.gd:162)
       [2] _run (res://scripts/tests/SaveManagerRoundTripTest.gd:147)
       [3] _wait_for_load (res://scripts/tests/SaveManagerRoundTripTest.gd:501)
WorldGenerator: stopped in 12.9 s.
WorldGenerator: grass bands finalized 6.335 s after maps_ready.
WorldRenderer: grass bands ready — requeued 16/16 built tiles (band columns only).
WorldGenerator metrics:
  domains: mountain 27.4%, valley 37.8%, lowland 34.8%
  height: min 11, max 115, avg 40.2
  surface: grass 44.9%, dirt 22.3%, rock 29.6%, water 3.1%
  surface domains: mountain rock 99.5%; valley grass 60.5% dirt 34.3% rock 5.2%
  shaping: terraced 0, plateau-adjusted 0 across 0 chunk columns
  water: lake (144, 950) r40 y18 floor 11-11 depth 7 columns 31744; tarn (368, 368) r15 y54 floor 47-47 depth 7 columns 1024; banks 2704
  macro: basin 146524, southeast foothill 131583, edge belt 111552 columns
  settlement candidates: 1247 sampled 20x20 flats
WorldGenerator: world_complete signal firing.
Camera: ready (FOV 45°, zoom 2–180 m).
UIWindowManager: ready (1 remembered window positions).
WorldGenerator: starting generation (seed 2056057447).
WorldRenderer: generation started (seed 2056057447).
FurniturePlacementController: 18 placeable defs loaded.
WorldGenerator: domain layout northwest mountain -> mountain 293888, valley 390144, lowland 364544.
WorldGenerator: valley corridor -> columns 78572, average height 38.4.
WorldGenerator: macro heightmap -> 1024 cells expanded at 32 columns per cell.
WorldGenerator: macro expansion -> local offsets on 0 columns.
WorldGenerator: plateau smoothing -> adjusted 0 columns across 0 macro cells.
WorldGenerator: mountain foothill transition -> raised 5120 columns into approach shelves.
WorldGenerator: lowland foothill transition -> capped 2048 columns to one-shelf steps.
WorldGenerator: macro shelf step limit -> capped 200704 columns to adjacent one-shelf steps, including corners.
WorldGenerator: heightmap sub-phases -> macro_cells 140 ms, column_fill 1301 ms, plateau 161 ms, mountain_foothill 119 ms, lowland_foothill 25 ms, shelf_step_limit 688 ms.
WorldGenerator: lowland lake uses 31 macro cells; southern anchor (4, 31); water Y12-Y18.
WorldGenerator: macro shelf step limit -> capped 0 columns to adjacent one-shelf steps, including corners.
WorldGenerator: mountain shelf-1 tarn uses 1 macro cell; anchor (11, 11); water Y48-Y54.
WorldGenerator: edge detail -> pushed 26977 foothill/mountain edge columns.
WorldGenerator: terrain maps ready; waiting for chunk column requests.
SliceTiming: slice 127 -> 25 — 0 regions + 0 tiles queued, 0 region nodes, 0 tile nodes, generator idle.
WorldRenderer: first visible overview tile after 6.613 s at tile (16, 16).
SurfaceFloraSpawner: maps ready, scatter armed (seed=2056057447, species=["pine", "oak", "apple", "juniper"], cell=14, whole_map=true, columns=4096).
WorldRenderer: first chunk_dirtied received (32,2,30).
FlagPlacementController: settlement founded at (512, 43, 491).
StockpileDesignationController: zone 201 created (1 cells at Y 35).
ItemDropManager: loaded 77 item definitions.
FurniturePlacementController: ghost 301 (base:furniture:storage_shelf) at (520, 35, 491) yaw 1.
FurniturePlacementController: installed base:furniture:barrel at (518, 35, 491).
LoadPerformance:
  total_request_to_restored: 12.870 s
  read_validate: 1 ms
  reload_regen_wait: 12.753 s (map precompute + quiet frames — see StartupPerformance)
  restore_owners: 115 ms
    mining: 108 ms
    flora: 1 ms
    settlement_flag: 0 ms
    stockpiles: 2 ms
    furniture: 3 ms
    items: 0 ms
    dwarves: 1 ms
    camera: 0 ms
    slice: 0 ms
  totals_clock_weather: 1 ms
  note: post-restore overview tile rebuild reported by SliceTiming.
SaveManager: backup quick save restored.
SAVE_MANAGER_ROUND_TRIP_OK
WorldGenerator: stopped in 13.0 s.
