ERROR: plain wheel zooms in with mining selected
   at: push_error (core/variant/variant_utility.cpp:1023)
   GDScript backtrace (most recent call first):
       [0] _run (res://scripts/tests/OrdersShelfTest.gd:189)
       [1] _check_layouts (res://scripts/tests/OrdersShelfTest.gd:219)
       [2] _settle (res://scripts/tests/FurniturePlaceTest.gd:336)
ERROR: plain wheel zooms out with mining selected
   at: push_error (core/variant/variant_utility.cpp:1023)
   GDScript backtrace (most recent call first):
       [0] _run (res://scripts/tests/OrdersShelfTest.gd:189)
       [1] _check_layouts (res://scripts/tests/OrdersShelfTest.gd:219)
       [2] _settle (res://scripts/tests/FurniturePlaceTest.gd:336)
ERROR: plain wheel zooms in with mining selected
   at: push_error (core/variant/variant_utility.cpp:1023)
   GDScript backtrace (most recent call first):
       [0] _run (res://scripts/tests/OrdersShelfTest.gd:189)
       [1] _check_layouts (res://scripts/tests/OrdersShelfTest.gd:219)
       [2] _settle (res://scripts/tests/FurniturePlaceTest.gd:336)
ERROR: plain wheel zooms out with mining selected
   at: push_error (core/variant/variant_utility.cpp:1023)
   GDScript backtrace (most recent call first):
       [0] _run (res://scripts/tests/OrdersShelfTest.gd:189)
       [1] _check_layouts (res://scripts/tests/OrdersShelfTest.gd:219)
       [2] _settle (res://scripts/tests/FurniturePlaceTest.gd:336)
